// Jest Snapshot v1, https://goo.gl/fbAQLP

exports[` 1`] = `
<div
  className="Login"
>
  <h1>
    Please sign in
  </h1>
  <div />
  <div
    className="jumbotron col-xs-11"
  >
    <form
      id="login-form"
      method="POST"
      onSubmit={[Function]}
    >
      <div
        className="form-group"
      >
        <input
          className="form-control"
          id="username"
          name="username"
          onChange={[Function]}
          placeholder="Username"
          required={true}
          type="text"
          value=""
        />
      </div>
      <div
        className="form-group"
      >
        <input
          className="form-control"
          id="password"
          name="password"
          onChange={[Function]}
          placeholder="Password"
          required={true}
          type="password"
          value=""
        />
      </div>
      <input
        className="btn btn-primary pull-right"
        type="submit"
        value="Login"
      />
      <center>
        <p>
          or
        </p>
        <p>
          <a
            href="/register"
          >
            Click here to register
          </a>
        </p>
      </center>
    </form>
  </div>
</div>
`;

exports[`login component render the two inputs and hides password 1`] = `
<Redirect
  push={false}
  to="dashboard"
/>
`;

exports[`login component renders the sign in form and submit data 1`] = `
<div
  className="Login"
>
  <h1>
    Please sign in
  </h1>
  <div />
  <div
    className="jumbotron col-xs-11"
  >
    <form
      id="login-form"
      method="POST"
      onSubmit={[Function]}
    >
      <div
        className="form-group"
      >
        <input
          className="form-control"
          id="username"
          name="username"
          onChange={[Function]}
          placeholder="Username"
          required={true}
          type="text"
          value=""
        />
      </div>
      <div
        className="form-group"
      >
        <input
          className="form-control"
          id="password"
          name="password"
          onChange={[Function]}
          placeholder="Password"
          required={true}
          type="password"
          value=""
        />
      </div>
      <input
        className="btn btn-primary pull-right"
        type="submit"
        value="Login"
      />
      <center>
        <p>
          or
        </p>
        <p>
          <a
            href="/register"
          >
            Click here to register
          </a>
        </p>
      </center>
    </form>
  </div>
</div>
`;
