// Jest Snapshot v1, https://goo.gl/fbAQLP

exports[`add recipe component  handle going back to previous page  1`] = `
<Review
  createReview={[Function]}
  history={
    Object {
      "goBack": [Function],
      "push": [Function],
    }
  }
  loadRecipe={[Function]}
  loadReviews={[Function]}
  match={
    Object {
      "params": Object {},
    }
  }
  recipeData={
    Array [
      Object {
        "title": "Lorem ipsum",
      },
    ]
  }
  reviews={
    Array [
      Object {
        "content": "lorem",
        "review_id": 1,
      },
    ]
  }
  upvoteRecipe={[Function]}
>
  <div
    className="Review"
  >
    <div>
      <div
        className="jumbotron"
      >
        <h3>
          <a
            className="btn btn-primary pull-right"
            id="goBack"
            onClick={[Function]}
          >
            <span
              className="fa fa-arrow-left"
            />
             Return
          </a>
        </h3>
        <em>
          Added by 
          <span
            className="fa fa-user"
          />
           
           about 
          <span
            className="fa fa-calendar"
          />
           
          <Since
            live={true}
          />
        </em>
        <hr />
        <div>
          <h3>
            Ingredients
          </h3>
          <small />
          <h3>
            Steps
          </h3>
          <small />
          <br />
          <br />
          <div
            className="btn-group"
          >
            <button
              className="btn btn-primary btn-xs"
              id="upvote"
              onClick={[Function]}
              type="button"
            >
              UpVote
            </button>
            <button
              className="btn btn-default btn-xs"
              type="button"
            >
              <span
                className="fa fa-thumbs-o-up"
              />
               Upvotes:
            </button>
            <button
              className="btn btn-default btn-xs"
              type="button"
            >
              <span
                className="fa fa-comment-o"
              />
               Reviews:
            </button>
          </div>
        </div>
      </div>
      <div
        className="jumbotron review"
      >
        <p>
          Reviews
        </p>
        <div>
          <Reviews
            content="lorem"
            key="1"
            review_id={1}
          >
            <div
              className="col-sm-12"
            >
              <blockquote>
                <p>
                  lorem
                  .
                </p>
                <footer>
                  By 
                   about 
                  <cite
                    title="Time"
                  >
                    <Since
                      live={true}
                    />
                  </cite>
                </footer>
              </blockquote>
            </div>
          </Reviews>
        </div>
        <form
          id="review-form"
          onSubmit={[Function]}
        >
          <div
            className="form-group"
          >
            <textarea
              className="form-control"
              id="content"
              onChange={[Function]}
              placeholder="Enter your Review!"
              required={true}
            />
          </div>
          <div
            className="form-group"
          >
            <input
              className="btn btn-primary pull-right"
              type="submit"
              value="Add Review"
            />
          </div>
          <br />
        </form>
      </div>
    </div>
  </div>
</Review>
`;

exports[`add recipe component  handle upvoting a recipe 1`] = `
<Review
  createReview={[Function]}
  history={
    Object {
      "goBack": [Function],
      "push": [Function],
    }
  }
  loadRecipe={[Function]}
  loadReviews={[Function]}
  match={
    Object {
      "params": Object {},
    }
  }
  recipeData={
    Array [
      Object {
        "title": "Lorem ipsum",
      },
    ]
  }
  reviews={
    Array [
      Object {
        "content": "lorem",
        "review_id": 1,
      },
    ]
  }
  upvoteRecipe={[Function]}
>
  <div
    className="Review"
  >
    <div>
      <div
        className="jumbotron"
      >
        <h3>
          <a
            className="btn btn-primary pull-right"
            id="goBack"
            onClick={[Function]}
          >
            <span
              className="fa fa-arrow-left"
            />
             Return
          </a>
        </h3>
        <em>
          Added by 
          <span
            className="fa fa-user"
          />
           
           about 
          <span
            className="fa fa-calendar"
          />
           
          <Since
            live={true}
          />
        </em>
        <hr />
        <div>
          <h3>
            Ingredients
          </h3>
          <small />
          <h3>
            Steps
          </h3>
          <small />
          <br />
          <br />
          <div
            className="btn-group"
          >
            <button
              className="btn btn-primary btn-xs"
              id="upvote"
              onClick={[Function]}
              type="button"
            >
              UpVote
            </button>
            <button
              className="btn btn-default btn-xs"
              type="button"
            >
              <span
                className="fa fa-thumbs-o-up"
              />
               Upvotes:
            </button>
            <button
              className="btn btn-default btn-xs"
              type="button"
            >
              <span
                className="fa fa-comment-o"
              />
               Reviews:
            </button>
          </div>
        </div>
      </div>
      <div
        className="jumbotron review"
      >
        <p>
          Reviews
        </p>
        <div>
          <Reviews
            content="lorem"
            key="1"
            review_id={1}
          >
            <div
              className="col-sm-12"
            >
              <blockquote>
                <p>
                  lorem
                  .
                </p>
                <footer>
                  By 
                   about 
                  <cite
                    title="Time"
                  >
                    <Since
                      live={true}
                    />
                  </cite>
                </footer>
              </blockquote>
            </div>
          </Reviews>
        </div>
        <form
          id="review-form"
          onSubmit={[Function]}
        >
          <div
            className="form-group"
          >
            <textarea
              className="form-control"
              id="content"
              onChange={[Function]}
              placeholder="Enter your Review!"
              required={true}
            />
          </div>
          <div
            className="form-group"
          >
            <input
              className="btn btn-primary pull-right"
              type="submit"
              value="Add Review"
            />
          </div>
          <br />
        </form>
      </div>
    </div>
  </div>
</Review>
`;

exports[`add recipe component renders the the add review form and submit data 1`] = `
<Review
  createReview={[Function]}
  history={
    Object {
      "goBack": [Function],
      "push": [Function],
    }
  }
  loadRecipe={[Function]}
  loadReviews={[Function]}
  match={
    Object {
      "params": Object {},
    }
  }
  recipeData={
    Array [
      Object {
        "title": "Lorem ipsum",
      },
    ]
  }
  reviews={
    Array [
      Object {
        "content": "lorem",
        "review_id": 1,
      },
    ]
  }
  upvoteRecipe={[Function]}
>
  <div
    className="Review"
  >
    <div>
      <div
        className="jumbotron"
      >
        <h3>
          <a
            className="btn btn-primary pull-right"
            id="goBack"
            onClick={[Function]}
          >
            <span
              className="fa fa-arrow-left"
            />
             Return
          </a>
        </h3>
        <em>
          Added by 
          <span
            className="fa fa-user"
          />
           
           about 
          <span
            className="fa fa-calendar"
          />
           
          <Since
            live={true}
          />
        </em>
        <hr />
        <div>
          <h3>
            Ingredients
          </h3>
          <small />
          <h3>
            Steps
          </h3>
          <small />
          <br />
          <br />
          <div
            className="btn-group"
          >
            <button
              className="btn btn-primary btn-xs"
              id="upvote"
              onClick={[Function]}
              type="button"
            >
              UpVote
            </button>
            <button
              className="btn btn-default btn-xs"
              type="button"
            >
              <span
                className="fa fa-thumbs-o-up"
              />
               Upvotes:
            </button>
            <button
              className="btn btn-default btn-xs"
              type="button"
            >
              <span
                className="fa fa-comment-o"
              />
               Reviews:
            </button>
          </div>
        </div>
      </div>
      <div
        className="jumbotron review"
      >
        <p>
          Reviews
        </p>
        <div>
          <Reviews
            content="lorem"
            key="1"
            review_id={1}
          >
            <div
              className="col-sm-12"
            >
              <blockquote>
                <p>
                  lorem
                  .
                </p>
                <footer>
                  By 
                   about 
                  <cite
                    title="Time"
                  >
                    <Since
                      live={true}
                    />
                  </cite>
                </footer>
              </blockquote>
            </div>
          </Reviews>
        </div>
        <form
          id="review-form"
          onSubmit={[Function]}
        >
          <div
            className="form-group"
          >
            <textarea
              className="form-control"
              id="content"
              onChange={[Function]}
              placeholder="Enter your Review!"
              required={true}
            />
          </div>
          <div
            className="form-group"
          >
            <input
              className="btn btn-primary pull-right"
              type="submit"
              value="Add Review"
            />
          </div>
          <br />
        </form>
      </div>
    </div>
  </div>
</Review>
`;
